Archive member included to satisfy reference by file (symbol)

D:/ps1_engine/psyq/lib\libc.a(c47.o)
                              main.o (rand)
D:/ps1_engine/psyq/lib\libetc.a(vmode.o)
                              main.o (GetVideoMode)
D:/ps1_engine/psyq/lib\libetc.a(vsync.o)
                              main.o (VSync)
D:/ps1_engine/psyq/lib\libetc.a(intr_vb.o)
                              D:/ps1_engine/psyq/lib\libetc.a(vsync.o) (Vcount)
D:/ps1_engine/psyq/lib\libetc.a(intr.o)
                              D:/ps1_engine/psyq/lib\libetc.a(intr_vb.o) (InterruptCallback)
D:/ps1_engine/psyq/lib\libetc.a(intr_dma.o)
                              D:/ps1_engine/psyq/lib\libetc.a(intr.o) (startIntrDMA)
D:/ps1_engine/psyq/lib\libgpu.a(e03.o)
                              main.o (SetDefDrawEnv)
D:/ps1_engine/psyq/lib\libgpu.a(e04.o)
                              main.o (SetDefDispEnv)
D:/ps1_engine/psyq/lib\libgpu.a(sys.o)
                              main.o (ResetGraph)
D:/ps1_engine/psyq/lib\libapi.a(a23.o)
                              D:/ps1_engine/psyq/lib\libetc.a(intr.o) (ReturnFromException)
D:/ps1_engine/psyq/lib\libapi.a(a24.o)
                              D:/ps1_engine/psyq/lib\libetc.a(intr.o) (ResetEntryInt)
D:/ps1_engine/psyq/lib\libapi.a(a25.o)
                              D:/ps1_engine/psyq/lib\libetc.a(intr.o) (HookEntryInt)
D:/ps1_engine/psyq/lib\libapi.a(a36.o)
                              D:/ps1_engine/psyq/lib\libetc.a(intr.o) (EnterCriticalSection)
D:/ps1_engine/psyq/lib\libapi.a(a37.o)
                              D:/ps1_engine/psyq/lib\libetc.a(intr.o) (ExitCriticalSection)
D:/ps1_engine/psyq/lib\libapi.a(a91.o)
                              D:/ps1_engine/psyq/lib\libetc.a(vsync.o) (ChangeClearPAD)
D:/ps1_engine/psyq/lib\libapi.a(c114.o)
                              D:/ps1_engine/psyq/lib\libetc.a(intr.o) (_96_remove)
D:/ps1_engine/psyq/lib\libapi.a(c73.o)
                              D:/ps1_engine/psyq/lib\libgpu.a(sys.o) (GPU_cw)
D:/ps1_engine/psyq/lib\libapi.a(l10.o)
                              D:/ps1_engine/psyq/lib\libetc.a(vsync.o) (ChangeClearRCnt)
D:/ps1_engine/psyq/lib\libc.a(a63.o)
                              D:/ps1_engine/psyq/lib\libetc.a(vsync.o) (puts)
D:/ps1_engine/psyq/lib\libc.a(c19.o)
                              D:/ps1_engine/psyq/lib\libetc.a(intr.o) (setjmp)
D:/ps1_engine/psyq/lib\libc.a(c42.o)
                              D:/ps1_engine/psyq/lib\libgpu.a(sys.o) (memcpy)
D:/ps1_engine/psyq/lib\libc.a(c63.o)
                              D:/ps1_engine/psyq/lib\libetc.a(intr.o) (printf)

Discarded input sections

 .text          0x0000000000000000        0x0 main.o
 .data          0x0000000000000000        0x0 main.o
 .MIPS.abiflags
                0x0000000000000000       0x18 main.o
 .pdr           0x0000000000000000       0x80 main.o
 .text.engine_spark
                0x0000000000000000       0x20 main.o
 .text          0x0000000000000000        0x0 D:/ps1_engine/thirdparty/nugget/common/crt0/crt0.o
 .data          0x0000000000000000        0x0 D:/ps1_engine/thirdparty/nugget/common/crt0/crt0.o
 .bss           0x0000000000000000        0x0 D:/ps1_engine/thirdparty/nugget/common/crt0/crt0.o
 .reginfo       0x0000000000000000       0x18 D:/ps1_engine/thirdparty/nugget/common/crt0/crt0.o
 .MIPS.abiflags
                0x0000000000000000       0x18 D:/ps1_engine/thirdparty/nugget/common/crt0/crt0.o
 .text          0x0000000000000000        0x0 D:/ps1_engine/thirdparty/nugget/common/syscalls/printf.o
 .data          0x0000000000000000        0x0 D:/ps1_engine/thirdparty/nugget/common/syscalls/printf.o
 .bss           0x0000000000000000        0x0 D:/ps1_engine/thirdparty/nugget/common/syscalls/printf.o
 .reginfo       0x0000000000000000       0x18 D:/ps1_engine/thirdparty/nugget/common/syscalls/printf.o
 .MIPS.abiflags
                0x0000000000000000       0x18 D:/ps1_engine/thirdparty/nugget/common/syscalls/printf.o
 .pdr           0x0000000000000000        0x0 D:/ps1_engine/thirdparty/nugget/common/syscalls/printf.o
 .ramtext       0x0000000000000000        0xc D:/ps1_engine/thirdparty/nugget/common/syscalls/printf.o
 .debug_line    0x0000000000000000       0x4b D:/ps1_engine/thirdparty/nugget/common/syscalls/printf.o
 .debug_line_str
                0x0000000000000000       0x72 D:/ps1_engine/thirdparty/nugget/common/syscalls/printf.o
 .debug_info    0x0000000000000000       0x24 D:/ps1_engine/thirdparty/nugget/common/syscalls/printf.o
 .debug_abbrev  0x0000000000000000       0x14 D:/ps1_engine/thirdparty/nugget/common/syscalls/printf.o
 .debug_aranges
                0x0000000000000000       0x20 D:/ps1_engine/thirdparty/nugget/common/syscalls/printf.o
 .debug_str     0x0000000000000000       0x27 D:/ps1_engine/thirdparty/nugget/common/syscalls/printf.o
 .gnu.attributes
                0x0000000000000000       0x10 D:/ps1_engine/thirdparty/nugget/common/syscalls/printf.o

Memory Configuration

Name             Origin             Length             Attributes
loader           0x000000008000f800 0x0000000000000800
ram              0x0000000080010000 0x00000000001f0000 xrw
dcache           0x000000001f800000 0x0000000000000400
*default*        0x0000000000000000 0xffffffffffffffff

Linker script and memory map

LOAD main.o
LOAD D:/ps1_engine/thirdparty/nugget/common/crt0/crt0.o
LOAD D:/ps1_engine/thirdparty/nugget/common/syscalls/printf.o
START GROUP
LOAD D:/ps1_engine/psyq/lib\libapi.a
LOAD D:/ps1_engine/psyq/lib\libc.a
LOAD D:/ps1_engine/psyq/lib\libc2.a
LOAD D:/ps1_engine/psyq/lib\libcard.a
LOAD D:/ps1_engine/psyq/lib\libcomb.a
LOAD D:/ps1_engine/psyq/lib\libds.a
LOAD D:/ps1_engine/psyq/lib\libetc.a
LOAD D:/ps1_engine/psyq/lib\libgpu.a
LOAD D:/ps1_engine/psyq/lib\libgs.a
LOAD D:/ps1_engine/psyq/lib\libgte.a
LOAD D:/ps1_engine/psyq/lib\libgun.a
LOAD D:/ps1_engine/psyq/lib\libhmd.a
LOAD D:/ps1_engine/psyq/lib\libmath.a
LOAD D:/ps1_engine/psyq/lib\libmcrd.a
LOAD D:/ps1_engine/psyq/lib\libmcx.a
LOAD D:/ps1_engine/psyq/lib\libpad.a
LOAD D:/ps1_engine/psyq/lib\libpress.a
LOAD D:/ps1_engine/psyq/lib\libsio.a
LOAD D:/ps1_engine/psyq/lib\libsnd.a
LOAD D:/ps1_engine/psyq/lib\libspu.a
LOAD D:/ps1_engine/psyq/lib\libtap.a
LOAD D:/ps1_engine/psyq/lib\libcd.a
END GROUP
                0x0000000080017138                __heap_base = __bss_end
                0x0000000080010000                TLOAD_ADDR = DEFINED (TLOAD_ADDR)?TLOAD_ADDR:0x80010000
                0x0000000080200000                __ram_top = (ORIGIN (ram) + LENGTH (ram))
                0x00000000801fff00                __sp = (__ram_top - 0x100)
                0x000000001f800000                __dcache = ORIGIN (dcache)
                0x000000001f800400                __dcache_top = (ORIGIN (dcache) + LENGTH (dcache))
                0x0000000000001938                __bss_len = (__bss_end - __bss_start)
                0x0000000000004070                __ftext_len = (__ftext_end - __ftext_start)
                0x0000000000001790                __fdata_len = (__fdata_end - __fdata_start)
                0x0000000080200000                __stack_start = (ORIGIN (ram) + LENGTH (ram))

.PSX_EXE_Header
                0x000000008000f800      0x800
                0x000000008000f800        0x1 BYTE 0x50
                0x000000008000f801        0x1 BYTE 0x53
                0x000000008000f802        0x1 BYTE 0x2d
                0x000000008000f803        0x1 BYTE 0x58
                0x000000008000f804        0x1 BYTE 0x20
                0x000000008000f805        0x1 BYTE 0x45
                0x000000008000f806        0x1 BYTE 0x58
                0x000000008000f807        0x1 BYTE 0x45
                0x000000008000f808        0x4 LONG 0x0
                0x000000008000f80c        0x4 LONG 0x0
                0x000000008000f810        0x4 LONG 0x80010000 ABSOLUTE (_start)
                0x000000008000f814        0x4 LONG 0x0
                0x000000008000f818        0x4 LONG 0x80010000 TLOAD_ADDR
                0x000000008000f81c        0x4 LONG 0x5800 (__ftext_len + __fdata_len)
                0x000000008000f820        0x4 LONG 0x0
                0x000000008000f824        0x4 LONG 0x0
                0x000000008000f828        0x4 LONG 0x0
                0x000000008000f82c        0x4 LONG 0x0
                0x000000008000f830        0x4 LONG 0x801fff00 DEFINED (_sp)?ABSOLUTE (_sp):0x801fff00
                0x000000008000f834        0x4 LONG 0x0
                0x0000000080010000                . = (. + 0x7c8)
 *fill*         0x000000008000f838      0x7c8 
                0x0000000080010000                __ftext_start = ABSOLUTE (.)

.text           0x0000000080010000     0x4070
 *(.start)
 .start         0x0000000080010000       0x64 D:/ps1_engine/thirdparty/nugget/common/crt0/crt0.o
                0x0000000080010000                _start
 *(.init)
 *(SORT_NONE(.fini))
 *(.text.unlikely .text.*_unlikely .text.unlikely.*)
 *(.text.exit .text.exit.*)
 *(.text.startup .text.startup.*)
 .text.startup.main
                0x0000000080010064       0x20 main.o
                0x0000000080010064                main
 *(.text.hot .text.hot.*)
 *(.text .stub .text.* .gnu.linkonce.t.*)
 .text.init_gfx.isra.0
                0x0000000080010084      0x1a8 main.o
 .text.renderer_display
                0x000000008001022c       0x84 main.o
                0x000000008001022c                renderer_display
 .text          0x00000000800102b0       0x10 D:/ps1_engine/psyq/lib\libc.a(c47.o)
                0x00000000800102b0                rand
 .text          0x00000000800102c0       0x30 D:/ps1_engine/psyq/lib\libetc.a(vmode.o)
                0x00000000800102c0                SetVideoMode
                0x00000000800102d4                GetVideoMode
 .text          0x00000000800102f0      0x210 D:/ps1_engine/psyq/lib\libetc.a(vsync.o)
                0x00000000800102f0                VSync
 .text          0x0000000080010500      0x120 D:/ps1_engine/psyq/lib\libetc.a(intr_vb.o)
                0x0000000080010500                startIntrVSync
 .text          0x0000000080010620      0x6c0 D:/ps1_engine/psyq/lib\libetc.a(intr.o)
                0x0000000080010620                ResetCallback
                0x0000000080010650                InterruptCallback
                0x0000000080010680                DMACallback
                0x00000000800106b0                VSyncCallback
                0x00000000800106e4                VSyncCallbacks
                0x0000000080010714                StopCallback
                0x0000000080010744                RestartCallback
                0x0000000080010774                CheckCallback
                0x0000000080010784                GetIntrMask
                0x000000008001079c                SetIntrMask
 .text          0x0000000080010ce0      0x2a0 D:/ps1_engine/psyq/lib\libetc.a(intr_dma.o)
                0x0000000080010ce0                startIntrDMA
 .text          0x0000000080010f80       0xc0 D:/ps1_engine/psyq/lib\libgpu.a(e03.o)
                0x0000000080010f80                SetDefDrawEnv
 .text          0x0000000080011040       0x40 D:/ps1_engine/psyq/lib\libgpu.a(e04.o)
                0x0000000080011040                SetDefDispEnv
 .text          0x0000000080011080     0x2f00 D:/ps1_engine/psyq/lib\libgpu.a(sys.o)
                0x0000000080011080                ResetGraph
                0x00000000800111f4                SetGraphDebug
                0x0000000080011250                SetGraphQueue
                0x00000000800112f4                GetGraphDebug
                0x0000000080011304                DrawSyncCallback
                0x0000000080011364                SetDispMask
                0x00000000800113fc                DrawSync
                0x0000000080011580                ClearImage
                0x0000000080011610                ClearImage2
                0x00000000800116a8                LoadImage
                0x0000000080011708                StoreImage
                0x0000000080011768                MoveImage
                0x0000000080011820                ClearOTag
                0x00000000800118e8                ClearOTagR
                0x0000000080011994                DrawPrim
                0x00000000800119f0                DrawOTag
                0x0000000080011a60                PutDrawEnv
                0x0000000080011b20                DrawOTagEnv
                0x0000000080011bf8                GetDrawEnv
                0x0000000080011c2c                PutDispEnv
                0x0000000080012124                GetDispEnv
                0x0000000080012158                GetODE
                0x0000000080012188                SetDrawArea
                0x0000000080012208                SetDrawOffset
                0x0000000080012248                SetDrawEnv
                0x0000000080013b18                LoadImage2
                0x0000000080013c04                StoreImage2
                0x0000000080013cf0                MoveImage2
                0x0000000080013e34                DrawOTag2
                0x0000000080013f30                _GPU_ResetCallback
 .text          0x0000000080013f80       0x10 D:/ps1_engine/psyq/lib\libapi.a(a23.o)
                0x0000000080013f80                ReturnFromException
 .text          0x0000000080013f90       0x10 D:/ps1_engine/psyq/lib\libapi.a(a24.o)
                0x0000000080013f90                ResetEntryInt
 .text          0x0000000080013fa0       0x10 D:/ps1_engine/psyq/lib\libapi.a(a25.o)
                0x0000000080013fa0                HookEntryInt
 .text          0x0000000080013fb0       0x10 D:/ps1_engine/psyq/lib\libapi.a(a36.o)
                0x0000000080013fb0                EnterCriticalSection
 .text          0x0000000080013fc0       0x10 D:/ps1_engine/psyq/lib\libapi.a(a37.o)
                0x0000000080013fc0                ExitCriticalSection
 .text          0x0000000080013fd0       0x10 D:/ps1_engine/psyq/lib\libapi.a(a91.o)
                0x0000000080013fd0                ChangeClearPAD
 .text          0x0000000080013fe0       0x20 D:/ps1_engine/psyq/lib\libapi.a(c114.o)
                0x0000000080013fe8                _96_remove
 .text          0x0000000080014000       0x10 D:/ps1_engine/psyq/lib\libapi.a(c73.o)
                0x0000000080014000                GPU_cw
 .text          0x0000000080014010       0x10 D:/ps1_engine/psyq/lib\libapi.a(l10.o)
                0x0000000080014010                ChangeClearRCnt
 .text          0x0000000080014020       0x20 D:/ps1_engine/psyq/lib\libc.a(a63.o)
                0x0000000080014028                puts
 .text          0x0000000080014040       0x10 D:/ps1_engine/psyq/lib\libc.a(c19.o)
                0x0000000080014040                setjmp
 .text          0x0000000080014050       0x10 D:/ps1_engine/psyq/lib\libc.a(c42.o)
                0x0000000080014050                memcpy
 .text          0x0000000080014060       0x10 D:/ps1_engine/psyq/lib\libc.a(c63.o)
                0x0000000080014060                printf
                0x0000000080014070                . = ALIGN (0x10)
 *(.init)
                0x0000000080014070                . = ALIGN (0x10)
 *(.fini)
                0x0000000080014070                . = ALIGN (0x10)
                0x0000000080014070                __text_end = .
                0x0000000080014070                __ftext_end = ABSOLUTE (.)
                0x0000000080014070                __fdata_start = ABSOLUTE (.)

.rodata         0x0000000080014070      0x2e0
 *(.rodata .rodata.* .rdata .rdata.* .gnu.linkonce.r.*)
 .rodata        0x0000000080014070       0x10 D:/ps1_engine/thirdparty/nugget/common/crt0/crt0.o
 .rdata         0x0000000080014080       0x10 D:/ps1_engine/psyq/lib\libetc.a(vsync.o)
 .rdata         0x0000000080014090       0x70 D:/ps1_engine/psyq/lib\libetc.a(intr.o)
 .rdata         0x0000000080014100       0x30 D:/ps1_engine/psyq/lib\libetc.a(intr_dma.o)
 .rdata         0x0000000080014130      0x220 D:/ps1_engine/psyq/lib\libgpu.a(sys.o)
                0x0000000080014350                . = ALIGN (0x10)
                0x0000000080014350                __preinit_array_start = .
 *(.preinit_array)
                0x0000000080014350                __preinit_array_end = .
                0x0000000080014350                . = ALIGN (0x10)
                0x0000000080014350                __init_array_start = .
 *(SORT_BY_NAME(.init_array.*))
 *(.init_array)
                0x0000000080014350                . = ALIGN (0x10)
 *crtbegin.o(.ctors)
 *(EXCLUDE_FILE(*crtend.o) .ctors)
 *(SORT_BY_NAME(.ctors.*))
 *crtend.o(.ctors)
                0x0000000080014350                __init_array_end = .
                0x0000000080014350                . = ALIGN (0x10)
                0x0000000080014350                __fini_array_start = .
 *(.fini_array)
 *(SORT_BY_NAME(.fini_array.*))
 *crtbegin.o(.dtors)
 *(EXCLUDE_FILE(*crtend.o) .dtors)
 *(SORT_BY_NAME(.dtors.*))
 *crtend.o(.dtors)
                0x0000000080014350                __fini_array_end = .
                0x0000000080014350                __build_id = .
 *(.note.gnu.build-id)
                0x0000000080014350                __build_id_end = .

.rel.dyn        0x0000000080014350        0x0
 .rel.dyn       0x0000000080014350        0x0 D:/ps1_engine/psyq/lib\libgpu.a(sys.o)

.rodata1
 *(.rodata1)
                0x0000000080014350                __data_start = .

.data           0x0000000080014350     0x14b0
 *(.a0table)
 *(.data .data.* .gnu.linkonce.d.*)
 .data          0x0000000080014350       0x10 D:/ps1_engine/psyq/lib\libetc.a(vmode.o)
 .data          0x0000000080014360       0x20 D:/ps1_engine/psyq/lib\libetc.a(vsync.o)
                0x0000000080014370                Hcount
 .data          0x0000000080014380       0x30 D:/ps1_engine/psyq/lib\libetc.a(intr_vb.o)
                0x00000000800143a0                Vcount
 .data          0x00000000800143b0     0x1100 D:/ps1_engine/psyq/lib\libetc.a(intr.o)
 .data          0x00000000800154b0       0x30 D:/ps1_engine/psyq/lib\libetc.a(intr_dma.o)
 .data          0x00000000800154e0      0x1a0 D:/ps1_engine/psyq/lib\libgpu.a(sys.o)
                0x000000008001552c                GPU_printf
                0x0000000080015530                GEnv
                0x0000000080015658                _qin
                0x000000008001565c                _qout
 *(.data1)
 *(.sdata .sdata.* .gnu.linkonce.s.*)
 *(.sdata2 .sdata2.* .gnu.linkonce.s2.*)
 *(.got.plt)
 *(.got)
                0x0000000080015800                . = ALIGN (0x800)
 *fill*         0x0000000080015680      0x180 
                0x0000000080015800                __data_end = .
                0x0000000080015800                __fdata_end = .
                0x0000000080015800                __bss_start = .

.sbss           0x0000000080015800     0x1938
 *(.dynsbss)
 *(.sbss .sbss.* .gnu.linkonce.sb.*)
 .sbss          0x0000000080015800        0x4 main.o
                0x0000000080015800                db
 *(.scommon)
 *(.dynbss)
 *(.bss .bss.* .gnu.linkonce.b.*)
 .bss           0x0000000080015804       0xe0 main.o
                0x0000000080015804                draw
                0x00000000800158bc                disp
 *fill*         0x00000000800158e4        0x4 
 .bss           0x00000000800158e8     0x1850 D:/ps1_engine/psyq/lib\libgpu.a(sys.o)
                0x0000000080015938                _que
 *(COMMON)
                0x0000000080017138                . = ALIGN (0x4)
                0x0000000080017138                __bss_end = .
                0x0000000080017138                __heap_start = __heap_base
                0x000000008000f800                . = (ADDR (.text) - 0x800)
                0x000000008000f800                __end = .

/DISCARD/
 *(.MIPS.abiflags)

/DISCARD/
 *(.rel.iplt)
 *(.rela.iplt)
 *(.rel.plt)
 *(.rela.plt)
 *(.plt)
 *(.iplt)

/DISCARD/
 *(.note.GNU-stack)
 *(.gnu_debuglink)
 *(.gnu.lto_*)
OUTPUT(main.elf elf32-littlemips)

.reginfo        0x0000000000000000       0x18
 .reginfo       0x0000000000000000       0x18 main.o

.mdebug.abi32   0x0000000000000000        0x0
 .mdebug.abi32  0x0000000000000000        0x0 main.o

.comment        0x0000000000000000       0x12
 .comment       0x0000000000000000       0x12 main.o
                                         0x13 (size before relaxing)

.gnu.attributes
                0x0000000000000000       0x10
 .gnu.attributes
                0x0000000000000000       0x10 main.o
 .gnu.attributes
                0x0000000000000010       0x10 D:/ps1_engine/thirdparty/nugget/common/crt0/crt0.o

.pdr            0x0000000000000000        0x0
 .pdr           0x0000000000000000        0x0 D:/ps1_engine/thirdparty/nugget/common/crt0/crt0.o

.note           0x0000000000000000      0x9f8
 .note          0x0000000000000000       0x74 D:/ps1_engine/psyq/lib\libc.a(c47.o)
 .note          0x0000000000000074       0x74 D:/ps1_engine/psyq/lib\libetc.a(vmode.o)
 .note          0x00000000000000e8       0x74 D:/ps1_engine/psyq/lib\libetc.a(vsync.o)
 .note          0x000000000000015c       0x74 D:/ps1_engine/psyq/lib\libetc.a(intr_vb.o)
 .note          0x00000000000001d0       0x74 D:/ps1_engine/psyq/lib\libetc.a(intr.o)
 .note          0x0000000000000244       0x74 D:/ps1_engine/psyq/lib\libetc.a(intr_dma.o)
 .note          0x00000000000002b8       0x74 D:/ps1_engine/psyq/lib\libgpu.a(e03.o)
 .note          0x000000000000032c       0x74 D:/ps1_engine/psyq/lib\libgpu.a(e04.o)
 .note          0x00000000000003a0       0x74 D:/ps1_engine/psyq/lib\libgpu.a(sys.o)
 .note          0x0000000000000414       0x74 D:/ps1_engine/psyq/lib\libapi.a(a23.o)
 .note          0x0000000000000488       0x74 D:/ps1_engine/psyq/lib\libapi.a(a24.o)
 .note          0x00000000000004fc       0x74 D:/ps1_engine/psyq/lib\libapi.a(a25.o)
 .note          0x0000000000000570       0x74 D:/ps1_engine/psyq/lib\libapi.a(a36.o)
 .note          0x00000000000005e4       0x74 D:/ps1_engine/psyq/lib\libapi.a(a37.o)
 .note          0x0000000000000658       0x74 D:/ps1_engine/psyq/lib\libapi.a(a91.o)
 .note          0x00000000000006cc       0x74 D:/ps1_engine/psyq/lib\libapi.a(c114.o)
 .note          0x0000000000000740       0x74 D:/ps1_engine/psyq/lib\libapi.a(c73.o)
 .note          0x00000000000007b4       0x74 D:/ps1_engine/psyq/lib\libapi.a(l10.o)
 .note          0x0000000000000828       0x74 D:/ps1_engine/psyq/lib\libc.a(a63.o)
 .note          0x000000000000089c       0x74 D:/ps1_engine/psyq/lib\libc.a(c19.o)
 .note          0x0000000000000910       0x74 D:/ps1_engine/psyq/lib\libc.a(c42.o)
 .note          0x0000000000000984       0x74 D:/ps1_engine/psyq/lib\libc.a(c63.o)

.debug_info     0x0000000000000000      0x61b
 .debug_info    0x0000000000000000      0x5f7 main.o
 .debug_info    0x00000000000005f7       0x24 D:/ps1_engine/thirdparty/nugget/common/crt0/crt0.o

.debug_abbrev   0x0000000000000000      0x1ec
 .debug_abbrev  0x0000000000000000      0x1d8 main.o
 .debug_abbrev  0x00000000000001d8       0x14 D:/ps1_engine/thirdparty/nugget/common/crt0/crt0.o

.debug_aranges  0x0000000000000000       0x58
 .debug_aranges
                0x0000000000000000       0x38 main.o
 .debug_aranges
                0x0000000000000038       0x20 D:/ps1_engine/thirdparty/nugget/common/crt0/crt0.o

.debug_rnglists
                0x0000000000000000       0x33
 .debug_rnglists
                0x0000000000000000       0x33 main.o

.debug_line     0x0000000000000000      0x2a7
 .debug_line    0x0000000000000000      0x24c main.o
 .debug_line    0x000000000000024c       0x5b D:/ps1_engine/thirdparty/nugget/common/crt0/crt0.o

.debug_str      0x0000000000000000      0x277
 .debug_str     0x0000000000000000      0x264 main.o
                                        0x276 (size before relaxing)
 .debug_str     0x0000000000000264       0x13 D:/ps1_engine/thirdparty/nugget/common/crt0/crt0.o
                                         0x25 (size before relaxing)

.debug_frame    0x0000000000000000       0x94
 .debug_frame   0x0000000000000000       0x94 main.o

.debug_line_str
                0x0000000000000000       0x33
 .debug_line_str
                0x0000000000000000       0x33 D:/ps1_engine/thirdparty/nugget/common/crt0/crt0.o
                                         0x66 (size before relaxing)
